sp1 request_id: 0x80d0e0e2e7ddacc0171d1162774c4dba32ecec392cc355b52dd30a09c082b918
public_values: 0x4cb88870391cdc620629f87552a38dff218421420a7a515ad39c97162a7b1028
	Command being timed: "target/release/guest-launcher --input /tmp/raiko2-succinct-c5a67d-replay/input.proposal-3138.old-request.json --mode prove --proof-mode compressed --proof-type sp1 --sp1-prover network --sp1-network-mode reserved --sp1-fulfillment-strategy reserved --sp1-skip-simulation --sp1-cycle-limit 10000000000000 --sp1-timeout-secs 14400 --output /tmp/raiko2-succinct-c5a67d-replay-multirun-20260704T054109Z/run-1-proof.json --json-out /tmp/raiko2-succinct-c5a67d-replay-multirun-20260704T054109Z/run-1-report.json"
	User time (seconds): 33.71
	System time (seconds): 0.60
	Percent of CPU this job got: 68%
	Elapsed (wall clock) time (h:mm:ss or m:ss): 0:49.94
	Average shared text size (kbytes): 0
	Average unshared data size (kbytes): 0
	Average stack size (kbytes): 0
	Average total size (kbytes): 0
	Maximum resident set size (kbytes): 965472
	Average resident set size (kbytes): 0
	Major (requiring I/O) page faults: 0
	Minor (reclaiming a frame) page faults: 299361
	Voluntary context switches: 1759
	Involuntary context switches: 4918
	Swaps: 0
	File system inputs: 0
	File system outputs: 0
	Socket messages sent: 0
	Socket messages received: 0
	Signals delivered: 0
	Page size (bytes): 4096
	Exit status: 0
